---
layout: post
title: 并行操作的HINT（下）
date: 2015-06-26
categories: OracleTuning
tags: [Oracle,Tuning]
description: 优化基础。
---

此篇博文为下篇，主要介绍一下NO_PARALLEL和PQ_DISTRIBUTE。


## NO_PARALLEL

![NO_PX](https://docs.oracle.com/cd/E11882_01/server.112/e41084/img/no_parallel_hint.gif)

NO_PARALLEL覆盖掉创建或更改表时DDL中的PARALLEL参数，例如：

```sql

SQL> ALTER TABLE employees PARALLEL 8;
 
Table altered.
 
SQL> SELECT  *
  2    FROM employees hr_emp;
 
Execution Plan
----------------------------------------------------------
Plan hash value: 998304975
 
---------------------------------------------------------------------------------------------------------------
| Id  | Operation            | Name      | Rows  | Bytes | Cost (%CPU)| Time     |    TQ  |IN-OUT| PQ Distrib |
---------------------------------------------------------------------------------------------------------------
|   0 | SELECT STATEMENT     |           |   107 |  7704 |     2   (0)| 00:00:01 |        |      |            |
|   1 |  PX COORDINATOR      |           |       |       |            |          |        |      |            |
|   2 |   PX SEND QC (RANDOM)| :TQ10000  |   107 |  7704 |     2   (0)| 00:00:01 |  Q1,00 | P->S | QC (RAND)  |
|   3 |    PX BLOCK ITERATOR |           |   107 |  7704 |     2   (0)| 00:00:01 |  Q1,00 | PCWC |            |
|   4 |     TABLE ACCESS FULL| EMPLOYEES |   107 |  7704 |     2   (0)| 00:00:01 |  Q1,00 | PCWP |            |
---------------------------------------------------------------------------------------------------------------
 
SQL> SELECT /*+ NO_PARALLEL(hr_emp) */ *
  2    FROM employees hr_emp;
 
Execution Plan
----------------------------------------------------------
Plan hash value: 1445457117
 
-------------------------------------------------------------------------------
| Id  | Operation         | Name      | Rows  | Bytes | Cost (%CPU)| Time     |
-------------------------------------------------------------------------------
|   0 | SELECT STATEMENT  |           |   107 |  7704 |     3   (0)| 00:00:01 |
|   1 |  TABLE ACCESS FULL| EMPLOYEES |   107 |  7704 |     3   (0)| 00:00:01 |
-------------------------------------------------------------------------------

```

如上，将表employees的默认并行度改为8，然后在不添加hint的时候，oracle采取并行运行的方法。添加了NO_PARALLEL之后，表不采用并行的方式。

```sql

SQL> SELECT /*+ NO_PARALLEL(hr_emp) parallel(hr_emp) */ *
  2    FROM employees hr_emp;
 
Execution Plan
----------------------------------------------------------
Plan hash value: 998304975
 
---------------------------------------------------------------------------------------------------------------
| Id  | Operation            | Name      | Rows  | Bytes | Cost (%CPU)| Time     |    TQ  |IN-OUT| PQ Distrib |
---------------------------------------------------------------------------------------------------------------
|   0 | SELECT STATEMENT     |           |   107 |  7704 |     2   (0)| 00:00:01 |        |      |            |
|   1 |  PX COORDINATOR      |           |       |       |            |          |        |      |            |
|   2 |   PX SEND QC (RANDOM)| :TQ10000  |   107 |  7704 |     2   (0)| 00:00:01 |  Q1,00 | P->S | QC (RAND)  |
|   3 |    PX BLOCK ITERATOR |           |   107 |  7704 |     2   (0)| 00:00:01 |  Q1,00 | PCWC |            |
|   4 |     TABLE ACCESS FULL| EMPLOYEES |   107 |  7704 |     2   (0)| 00:00:01 |  Q1,00 | PCWP |            |
---------------------------------------------------------------------------------------------------------------
 
SQL> ALTER TABLE employees NOPARALLEL;
 
Table altered.
 
SQL> SELECT /*+ NO_PARALLEL(hr_emp) parallel(hr_emp) */ *
  2    FROM employees hr_emp;
 
Execution Plan
----------------------------------------------------------
Plan hash value: 1445457117
 
-------------------------------------------------------------------------------
| Id  | Operation         | Name      | Rows  | Bytes | Cost (%CPU)| Time     |
-------------------------------------------------------------------------------
|   0 | SELECT STATEMENT  |           |   107 |  7704 |     3   (0)| 00:00:01 |
|   1 |  TABLE ACCESS FULL| EMPLOYEES |   107 |  7704 |     3   (0)| 00:00:01 |
-------------------------------------------------------------------------------

```

上面的例子说明，在hint相互冲突的时候，oracle会忽略掉他们然后采用自己预估的方式执行SQL语句。



## PQ_DISTRIBUTE

![PQ_DIS](https://docs.oracle.com/cd/E11882_01/server.112/e41084/img/pq_distribute_hint.gif)


PQ_DISTRIBUTE通知优化器如何在生产者和消费者的查询服务器之间分发行源。连接或者加载的行的分发方式是可以控制的。

**载入的分发控制**：你可以控制行的分布，为了并行 INSERT ... SELECT 和并行的 CREATE TABLE ... AS SELECT语句，用来指示行应该如何在生产者(查询)和消费者(负载)服务器之间进行分发。只用上面语法的分支来指定一个单一的分发方式。分发方式的值及其含义如下描述：

#### NONE：
不分发。即查询和载入操作合并到每个查询服务中。所有的服务将加载所有的分区。这种不分发的方式可以避免那种没有倾斜的分发行的开销。倾斜可能由于空段或在查询评估认为语句中的一个谓词过滤了所有行导致的。如果倾斜是由于这种方式导致的，那么将会用RANDOM或者RANDOM_LOCAL代替这个参数。
注意：这种分发要小心使用。每个被载入的分区要求最少每个进程最少512KB的PGA内存。如果你同时还是用了压缩，那么消费者的每个服务要大概1.5MB大小的PGA内存。

#### PARTITION：
这种方式使用tablespec的分区信息来从查询服务器分发行到载入服务器。在不可能或适合合并查询和加载操作的时候，载入的分区数量大于或等于载入服务器的数量，并且输入数据将在分区间均匀的分发的时候适合使用这种分发方式——即，没有倾斜。

#### RANDOM：
这种方式会以轮询的方式从生产者向消费者分发行。在输入的数据高度倾斜的时候使用这种分发方式。

#### RANDOM_LOCAL：
这种方式将行从生产者分发到一组负责维护一组给定分区的服务器。两个或更过的服务器可以加载相同的分区，但是没有服务器可以加载所有的分区。在输入的数据是倾斜的而且由于内存约束而不可以进行查询和载入操作的合并的时候使用这种分发的方式。

---

例如，在下面的直接装载（使用了append这个hint，后面的文章会介绍）的插入操作中，查询和载入的部分合并到每个查询服务中：

```sql

SQL> INSERT /*+ APPEND PARALLEL(emp_01, 16) PQ_DISTRIBUTE(emp_01, NONE) */
  INTO emp_01
   SELECT * FROM emp;
 
14 rows created.
 
 
Execution Plan
----------------------------------------------------------
ERROR:
ORA-12838: cannot read/modify an object after modifying it in parallel
 
 
SP2-0612: Error generating AUTOTRACE EXPLAIN report
 
```

如上，执行计划在加了append之后是看不到执行计划的，去掉append可以看到执行计划，其实这没什么用处，只是扩展一下：

```sql

SQL> INSERT /*+PARALLEL(emp_01, 16) PQ_DISTRIBUTE(emp_01, NONE) */
  2    INTO emp_01
  3    SELECT * FROM emp;
 
14 rows created.
 
 
Execution Plan
----------------------------------------------------------
Plan hash value: 3956160932
 
-----------------------------------------------------------------------------------
| Id  | Operation                | Name   | Rows  | Bytes | Cost (%CPU)| Time     |
-----------------------------------------------------------------------------------
|   0 | INSERT STATEMENT         |        |    14 |   532 |     3   (0)| 00:00:01 |
|   1 |  LOAD TABLE CONVENTIONAL | EMP_01 |       |       |            |          |
|   2 |   TABLE ACCESS FULL      | EMP    |    14 |   532 |     3   (0)| 00:00:01 |
-----------------------------------------------------------------------------------
 
 
```

在下面的建表的例子中，优化器使用target_table的分区分发行

```sql

CREATE /*+ PQ_DISTRIBUTE(target_table, PARTITION) */ TABLE target_table
  NOLOGGING PARALLEL 16
  PARTITION BY HASH (l_orderkey) PARTITIONS 512
  AS SELECT * FROM source_table;

  ```
  
**连接的分发控制**：你可以通过指定的两种分发方式控制连接的分发方式。如下所示的语法关系图的分支，一个外部表的分配和一个内部表的分配。

分发的值为HASH, BROADCAST, PARTITION, 和 NONE，只有六种表的分发方式的组合是可用得用的，如下描述。


#### HASH, HASH：
每个表的行都映射到消费者查询服务器，在连接键上使用hash运算。当映射完成，每个查询服务器在一对结果分区上执行连接。在表之间的规模相当且连接操作是通过hash连接或者排序合并连接完成时，建议用这种分发。

#### BROADCAST, NONE：
外部表（驱动表）的所有行都广播到各个查询服务器。内部表（被驱驱动表）的行随机分区。在外部表与内部表相比较非常小的时候建议采用这种分发方式。一般的规则为，在内部表的大小乘以查询服务器的数量大于外部表大小的时候使用这种分发。

#### NONE, BROADCAST：
内部表（被驱动表）的所有行都广播到各个消费者查询服务器。外部表（驱驱动表）的行随机分区。 在内部表相比较于外部表非常小的时候建议采用这种分发方式。一般的规则为，在内部表的大小乘以查询服务器的数量小于外部表的大小的时候使用这种分发。

#### PARTITION, NONE：
外部表的行是使用内部表的分区映射的。内部表必须以连接键分区的。当外部表的分区数量等于或者近似等于查询服务器的数量的倍数时（比如，14个分区15个查询服务器），这时候建议使用这个分发方式。
注意：优化器在内部表没有分区或者分区键是不等值连接的时候，优化器会忽略掉这个hint

#### NONE, PARTITION：
内部表的行是使用外部表的分区映射的。外部表必须以连接键分区的。当外部表的分区数量等于或近似等于查询服务器的数量的倍数时（比如，14个分区15个查询服务器），这时候建议使用这个分发方式。
注意：优化器在外部表没有分区或者分区键是不等值连接的时候，优化器会忽略掉这个hint

#### NONE, NONE：
每个查询服务器在一对匹配的分区（每个表一个）上进行连接操作。两个表必须在连接键上均分。

---

例如，给定的两个表r和s使用hash连接，下面的查询包含一个hash分发的hint,其中emp_01与emp是完全一致的两张表，添加parallel是为了让这条sql进行并行查找，因为这两个表的默认并行度都为1：

```sql

SQL> SELECT /*+ORDERED parallel PQ_DISTRIBUTE(s HASH, HASH) USE_HASH (s)*/ *
  FROM emp r,emp_01 s
   WHERE r.empno=s.empno;
 
14 rows selected.
 
 
Execution Plan
----------------------------------------------------------
Plan hash value: 3912851747
 
-----------------------------------------------------------------------------------------------------------------
| Id  | Operation               | Name     | Rows  | Bytes | Cost (%CPU)| Time     |    TQ  |IN-OUT| PQ Distrib |
-----------------------------------------------------------------------------------------------------------------
|   0 | SELECT STATEMENT        |          |    14 |  1750 |     5  (20)| 00:00:01 |        |      |            |
|   1 |  PX COORDINATOR         |          |       |       |            |          |        |      |            |
|   2 |   PX SEND QC (RANDOM)   | :TQ10002 |    14 |  1750 |     5  (20)| 00:00:01 |  Q1,02 | P->S | QC (RAND)  |
|*  3 |    HASH JOIN BUFFERED   |          |    14 |  1750 |     5  (20)| 00:00:01 |  Q1,02 | PCWP |            |
|   4 |     PX RECEIVE          |          |    14 |   532 |     2   (0)| 00:00:01 |  Q1,02 | PCWP |            |
|   5 |      PX SEND HASH       | :TQ10000 |    14 |   532 |     2   (0)| 00:00:01 |  Q1,00 | P->P | HASH       |
|   6 |       PX BLOCK ITERATOR |          |    14 |   532 |     2   (0)| 00:00:01 |  Q1,00 | PCWC |            |
|   7 |        TABLE ACCESS FULL| EMP      |    14 |   532 |     2   (0)| 00:00:01 |  Q1,00 | PCWP |            |
|   8 |     PX RECEIVE          |          |    14 |  1218 |     2   (0)| 00:00:01 |  Q1,02 | PCWP |            |
|   9 |      PX SEND HASH       | :TQ10001 |    14 |  1218 |     2   (0)| 00:00:01 |  Q1,01 | P->P | HASH       |
|  10 |       PX BLOCK ITERATOR |          |    14 |  1218 |     2   (0)| 00:00:01 |  Q1,01 | PCWC |            |
|  11 |        TABLE ACCESS FULL| EMP_01   |    14 |  1218 |     2   (0)| 00:00:01 |  Q1,01 | PCWP |            |
-----------------------------------------------------------------------------------------------------------------
 
Predicate Information (identified by operation id):
---------------------------------------------------
 
   3 - access("R"."EMPNO"="S"."EMPNO")
 
```
		
		
为了广播外部表r，查询如下，其中emp_01与emp是完全一致的两张表，添加parallel的hint是为了让这条sql进行并行查找，因为这两个表的默认并行度都为1：

```sql

SQL> SELECT /*+ORDERED parallel PQ_DISTRIBUTE(s BROADCAST, NONE) USE_HASH (s) */ *
  2    FROM emp r,emp_01 s
  3    WHERE r.empno=s.empno;
 
14 rows selected.
 
 
Execution Plan
----------------------------------------------------------
Plan hash value: 2269224016
 
-----------------------------------------------------------------------------------------------------------------
| Id  | Operation               | Name     | Rows  | Bytes | Cost (%CPU)| Time     |    TQ  |IN-OUT| PQ Distrib |
-----------------------------------------------------------------------------------------------------------------
|   0 | SELECT STATEMENT        |          |    14 |  1750 |     5  (20)| 00:00:01 |        |      |            |
|   1 |  PX COORDINATOR         |          |       |       |            |          |        |      |            |
|   2 |   PX SEND QC (RANDOM)   | :TQ10001 |    14 |  1750 |     5  (20)| 00:00:01 |  Q1,01 | P->S | QC (RAND)  |
|*  3 |    HASH JOIN            |          |    14 |  1750 |     5  (20)| 00:00:01 |  Q1,01 | PCWP |            |
|   4 |     PX RECEIVE          |          |    14 |   532 |     2   (0)| 00:00:01 |  Q1,01 | PCWP |            |
|   5 |      PX SEND BROADCAST  | :TQ10000 |    14 |   532 |     2   (0)| 00:00:01 |  Q1,00 | P->P | BROADCAST  |
|   6 |       PX BLOCK ITERATOR |          |    14 |   532 |     2   (0)| 00:00:01 |  Q1,00 | PCWC |            |
|   7 |        TABLE ACCESS FULL| EMP      |    14 |   532 |     2   (0)| 00:00:01 |  Q1,00 | PCWP |            |
|   8 |     PX BLOCK ITERATOR   |          |    14 |  1218 |     2   (0)| 00:00:01 |  Q1,01 | PCWC |            |
|   9 |      TABLE ACCESS FULL  | EMP_01   |    14 |  1218 |     2   (0)| 00:00:01 |  Q1,01 | PCWP |            |
-----------------------------------------------------------------------------------------------------------------
 
Predicate Information (identified by operation id):
---------------------------------------------------
 
   3 - access("R"."EMPNO"="S"."EMPNO")


```		 
		 
至此篇博文完结，ORACLE常用的并行操作的HINT基本就介绍完了，至于类似PARALLEL_INDEX和NO_PARALLEL_INDEX（NOPARALLEL_INDEX）等这几个HINT，由于使用的很少，感兴趣的朋友可以自行google，嘿嘿~~


![小w](https://wx2.sinaimg.cn/mw1024/891ecf4fly1fr361nvrcnj207w07sad7.jpg)

###### 博文内容为小w原创，部分内容引用自官方资料，如转载请注明出处。^_^

###### 感谢关注w的小站，本小站将不定期(完全看心情～)更新分享技术知识，欢迎阅读，网址：www.itwwb.com










