---
layout: post
title: 其他HINT（一）
date: 2015-08-02
categories: oracle优化
tags: [oracle优化]
description: 优化基础。
---

经过前面的一系列博文，对于ORACLE的HINT常用的基本HINT有了大体的了解，下面介绍一些其他种类的HINT，由于比较多，可能会慢慢更新，大概四五篇会写完吧，看情况，嘿嘿~

此篇博文是系列第一篇，主要介绍APPEND、NOAPPEND和APPEND_VALUES~

## APPEND 

![append](https://docs.oracle.com/cd/E11882_01/server.112/e41084/img/append_hint.gif)

APPEND通知优化器使用INSERT语句的子查询语法的直接路径INSERT

传统的INSERT默认是顺序模式（串行），直接路径插入只能在你使用APPEND的时候才可以被使用。

直接路径INSERT默认是并行模式。在并行模式中，传统的插入只能在你指定NOAPPEND时候才能被使用。

决定INSERT是否并行执行，不依赖于APPEND。

在直接路径INSERT时，数据是追加到表尾的，而不是使用当前已经分配给表的空间。所以，直接路径INSERT比传统的INSERT快很多。

APPEND只支持不带VALUES子句的INSERT语句的子查询语法。如果指定了带VALUES字句的APPEND，那么它将被忽略掉然后传统的INSERT将被使用。要使用带有VALUES子句的直接路径INSERT，参考"APPEND_VALUES"
如下，Direct-path INSERT是看不到执行计划的，会报错“ORA-12838: cannot read/modify an object after modifying it in parallel”

```sql

SQL> conn scott/tiger
Connected.
SQL> set lines 300 pages 1000
SQL> create table emp_bak as select * from emp where 0=9;
 
Table created.
 
SQL> set autot trace exp
SQL> INSERT /*+ APPEND */ INTO emp_bak SELECT * FROM emp WHERE empno=7788;
 
1 row created.
 
 
Execution Plan
----------------------------------------------------------
ERROR:
ORA-12838: cannot read/modify an object after modifying it in parallel
 
 
SP2-0612: Error generating AUTOTRACE EXPLAIN report
SQL> commit;
 
Commit complete.
 
SQL> set autot off  
SQL> select * from emp_bak;
 
     EMPNO ENAME      JOB              MGR HIREDATE         SAL       COMM     DEPTNO
---------- ---------- --------- ---------- --------- ---------- ---------- ----------
      7788 SCOTT      ANALYST         7566 19-APR-87       3000                    20
	  
	  
```
	  
不加APPEND的执行计划如下：

```sql

SQL> INSERT INTO emp_bak SELECT * FROM emp WHERE empno=7788;
 
1 row created.
 
 
Execution Plan
----------------------------------------------------------
Plan hash value: 2949544139
 
----------------------------------------------------------------------------------------
| Id  | Operation                    | Name    | Rows  | Bytes | Cost (%CPU)| Time     |
----------------------------------------------------------------------------------------
|   0 | INSERT STATEMENT             |         |     1 |    38 |     1   (0)| 00:00:01 |
|   1 |  LOAD TABLE CONVENTIONAL     | EMP_BAK |       |       |            |          |
|   2 |   TABLE ACCESS BY INDEX ROWID| EMP     |     1 |    38 |     1   (0)| 00:00:01 |
|*  3 |    INDEX UNIQUE SCAN         | PK_EMP  |     1 |       |     0   (0)| 00:00:01 |
----------------------------------------------------------------------------------------
 
Predicate Information (identified by operation id):
---------------------------------------------------
 
   3 - access("EMPNO"=7788)


```


## NOAPPEND

![noappend](https://docs.oracle.com/cd/E11882_01/server.112/e41084/img/noappend_hint.gif)

NOPARALLEL通知优化器使用传统的INSERT，并在整个INSERT语句运行期间禁用掉并行模式。传统INSERT默认是顺序（串行）模式，直接路径INSERT默认是并行模式。


## APPEND_VALUES

![append_values](https://docs.oracle.com/cd/E11882_01/server.112/e41084/img/append_values_hint.gif)

APPEND_VALUES通知优化器使用带VALUES子句的直接路径INSERT。如果不指定这个hint，那么传统的INSERT会被使用（即顺序插入，串行）

在直接路径INSERT时，数据是追加到表尾的，而不是使用当前已经分配给表的空间。所以，直接路径INSERT比传统的INSERT快很多。

APPEND_VALUES可以大幅提高性能，下面是一些他使用的例子：

1. 在oracle调用接口（OCI）程序中，当有大型数组绑定变量或有行回调的数组绑定变量时会使用。
2. 在PL/SQL中，当使用含有VALUES字句的INSERT语句的FORALL循环中载入大量行的时候。
    
类似这种：

```sql

FORALL i IN 1..numrecords
  INSERT /*+ APPEND_VALUES */ INTO orderdata 
  VALUES(ordernum(i), custid(i), orderdate(i),shipmode(i), paymentid(i));
COMMIT;

```

APPEND_VALUES只支持带有VALUES子句的INSERT语句。如果指定在INSERT语句的子查询语法中指定APPEND_VALUES，那么他将被忽略而是用传统的插入方式。要使用带子查询的直接路径INSERT，参考"APPEND"


例如：

```sql

SQL> create table testhint(a number);
 
Table created.
 
SQL> set autot trace exp
SQL> insert into testhint values(1);
 
1 row created.
 
 
Execution Plan
----------------------------------------------------------
 
-------------------------------------------------------------------------------------
| Id  | Operation                | Name     | Rows  | Bytes | Cost (%CPU)| Time     |
-------------------------------------------------------------------------------------
|   0 | INSERT STATEMENT         |          |     1 |   100 |     1   (0)| 00:00:01 |
|   1 |  LOAD TABLE CONVENTIONAL | TESTHINT |       |       |            |          |
-------------------------------------------------------------------------------------
 
SQL> insert/*+append_values*/ into testhint values(1);
 
1 row created.
 
 
Execution Plan
----------------------------------------------------------
ERROR:
ORA-12838: cannot read/modify an object after modifying it in parallel
 
 
SP2-0612: Error generating AUTOTRACE EXPLAIN report

```

上面2的语句，没事用APPEND_VALUES的时候，可以正常显示执行计划，但是当加上这个hint，就会报错“ORA-12838: cannot read/modify an object after modifying it in parallel”，这代表了这个hint生效了，采用直接路径插入。
下面测试一下APPEND和APPEND_VALUES这两个hint：

```sql

SQL> insert/*+append*/ into testhint values(1);
 
1 row created.
 
 
Execution Plan
----------------------------------------------------------
 
-------------------------------------------------------------------------------------
| Id  | Operation                | Name     | Rows  | Bytes | Cost (%CPU)| Time     |
-------------------------------------------------------------------------------------
|   0 | INSERT STATEMENT         |          |     1 |   100 |     1   (0)| 00:00:01 |
|   1 |  LOAD TABLE CONVENTIONAL | TESTHINT |       |       |            |          |
-------------------------------------------------------------------------------------
 
SQL> insert/*+append_values*/ into testhint values(1);
 
1 row created.
 
 
Execution Plan
----------------------------------------------------------
ERROR:
ORA-12838: cannot read/modify an object after modifying it in parallel
 
 
SP2-0612: Error generating AUTOTRACE EXPLAIN report

```

上面2个执行计划可以对比出，在带有VALUES字句的INSERT语句中，如果想要采用直接路径插入，那么只有APPEND_VALUES可以实现，APPEND这个hint会被忽略掉而采用传统的插入方式。


### To be continued...


![小w](https://wx2.sinaimg.cn/mw1024/891ecf4fly1fr361nvrcnj207w07sad7.jpg)

###### 博文内容为小w原创，部分内容引用自官方资料，如转载请注明出处。^_^

###### 感谢关注w的小站，本小站将不定期(完全看心情～)更新分享技术知识，欢迎阅读，网址：www.itwwb.com

